// Jest Snapshot v1, https://goo.gl/fbAQLP

exports[`Pruebas en GifItem It should match snapshot 1`] = `
<div>
  <div
    class="card"
  >
    <img
      alt="Sukuna"
      src="https://sukuna-backflash.org/"
    />
    <p>
      Sukuna
    </p>
  </div>
</div>
`;
